
> instead-frontend@0.1.0 build
> next build

node.exe : (node:14380) 
[MODULE_TYPELESS_PACKAGE_JSON] Warning: 
Module type of file:///C:/Users/Administra
tor/instead/frontend/next.config.js is 
not specified and it doesn't parse as 
CommonJS.
At line:1 char:1
+ & "C:\Program Files\nodejs/node.exe" 
"C:\Program Files\nodejs/node_mo ...
+ ~~~~~~~~~~~~~~~~~~~~~~~~~~~~~~~~~~~~~~~~
~~~~~~~~~~~~~~~~~~~~~~~~~~~~~
    + CategoryInfo          : NotSpecifie 
   d: ((node:14380) [M...se as CommonJS.  
  :String) [], RemoteException
    + FullyQualifiedErrorId : NativeComma 
   ndError
 
Reparsing as ES module because module 
syntax was detected. This incurs a 
performance overhead.
To eliminate this warning, add "type": 
"module" to C:\Users\Administrator\instead
\frontend\package.json.
(Use `node --trace-warnings ...` to show 
where the warning was created)
  Γû▓ Next.js 14.2.35

   Creating an optimized production build ...
 ΓÜá Attempted to load 
@next/swc-win32-x64-msvc, but an error 
occurred: \\?\C:\Users\Administrator\inste
ad\frontend\node_modules\@next\swc-win32-x
64-msvc\next-swc.win32-x64-msvc.node is 
not a valid Win32 application.
\\?\C:\Users\Administrator\instead\fronten
d\node_modules\@next\swc-win32-x64-msvc\ne
xt-swc.win32-x64-msvc.node
 Γ¿» Failed to load SWC binary for 
win32/x64, see more info here: https://nex
tjs.org/docs/messages/failed-loading-swc
