[    1251ms] [INFO] %cDownload the React DevTools for a better development experience: https://react.dev/link/react-devtools font-weight:bold @ http://localhost:3001/_next/static/chunks/1qmq_next_dist_1-_2z8y._.js:2489
[    1417ms] [LOG] [HMR] connected @ http://localhost:3001/_next/static/chunks/1qmq_next_dist_1-_2z8y._.js:2489
[    1871ms] [LOG] [Fast Refresh] rebuilding @ http://localhost:3001/_next/static/chunks/1qmq_next_dist_1-_2z8y._.js:2489
[    2000ms] [WARNING] The configured WalletConnect 'metadata.url':https://instead.volupai.com differs from the actual page url:http://localhost:3001. This is probably unintended and can lead to issues. @ http://localhost:3001/_next/static/chunks/1qmq_next_dist_1-_2z8y._.js:2489
[    2697ms] [WARNING] [.WebGL-0x6c7401249600]GL Driver Message (OpenGL, Performance, GL_CLOSE_PATH_NV, High): GPU stall due to ReadPixels @ http://localhost:3001/pt:0
[    2816ms] [WARNING] [.WebGL-0x6c7401249600]GL Driver Message (OpenGL, Performance, GL_CLOSE_PATH_NV, High): GPU stall due to ReadPixels @ http://localhost:3001/pt:0
[    2895ms] [WARNING] [.WebGL-0x6c7401249600]GL Driver Message (OpenGL, Performance, GL_CLOSE_PATH_NV, High): GPU stall due to ReadPixels @ http://localhost:3001/pt:0
[    3055ms] [WARNING] [.WebGL-0x6c7401249600]GL Driver Message (OpenGL, Performance, GL_CLOSE_PATH_NV, High): GPU stall due to ReadPixels (this message will no longer repeat) @ http://localhost:3001/pt:0
[    3316ms] [WARNING] THREE.THREE.Clock: This module has been deprecated. Please use THREE.Timer instead. @ http://localhost:3001/_next/static/chunks/1qmq_next_dist_1-_2z8y._.js:2489
[    3463ms] [WARNING] THREE.THREE.Clock: This module has been deprecated. Please use THREE.Timer instead. @ http://localhost:3001/_next/static/chunks/1qmq_next_dist_1-_2z8y._.js:2489
[   10976ms] [LOG] [Fast Refresh] done in 9293ms @ http://localhost:3001/_next/static/chunks/1qmq_next_dist_1-_2z8y._.js:2489
[   11154ms] [WARNING] Lit is in dev mode. Not recommended for production! See https://lit.dev/msg/dev-mode for more information. @ http://localhost:3001/_next/static/chunks/1qmq_next_dist_1-_2z8y._.js:2489
[   11927ms] [LOG] [Fast Refresh] rebuilding @ http://localhost:3001/_next/static/chunks/1qmq_next_dist_1-_2z8y._.js:2489
[   11978ms] [LOG] [Fast Refresh] done in 329ms @ http://localhost:3001/_next/static/chunks/1qmq_next_dist_1-_2z8y._.js:2489
[   26467ms] [LOG] [Fast Refresh] rebuilding @ http://localhost:3001/_next/static/chunks/1qmq_next_dist_1-_2z8y._.js:2489
[   26469ms] [LOG] [Fast Refresh] done in 126ms @ http://localhost:3001/_next/static/chunks/1qmq_next_dist_1-_2z8y._.js:2489
[  148678ms] [LOG] [Fast Refresh] rebuilding @ http://localhost:3001/_next/static/chunks/1qmq_next_dist_1-_2z8y._.js:2489
[  148985ms] [LOG] [Fast Refresh] done in 470ms @ http://localhost:3001/_next/static/chunks/1qmq_next_dist_1-_2z8y._.js:2489
[  151710ms] [INFO] %cDownload the React DevTools for a better development experience: https://react.dev/link/react-devtools font-weight:bold @ http://localhost:3001/_next/static/chunks/1qmq_next_dist_1-_2z8y._.js:2489
[  151804ms] [LOG] [HMR] connected @ http://localhost:3001/_next/static/chunks/1qmq_next_dist_1-_2z8y._.js:2489
[  152088ms] [LOG] [Fast Refresh] rebuilding @ http://localhost:3001/_next/static/chunks/1qmq_next_dist_1-_2z8y._.js:2489
[  152112ms] [LOG] [Fast Refresh] done in 136ms @ http://localhost:3001/_next/static/chunks/1qmq_next_dist_1-_2z8y._.js:2489
[  152178ms] [WARNING] The configured WalletConnect 'metadata.url':https://instead.volupai.com differs from the actual page url:http://localhost:3001. This is probably unintended and can lead to issues. @ http://localhost:3001/_next/static/chunks/1qmq_next_dist_1-_2z8y._.js:2489
[  153361ms] [LOG] [Fast Refresh] rebuilding @ http://localhost:3001/_next/static/chunks/1qmq_next_dist_1-_2z8y._.js:2489
[  153829ms] [LOG] [Fast Refresh] done in 580ms @ http://localhost:3001/_next/static/chunks/1qmq_next_dist_1-_2z8y._.js:2489
[  155460ms] [WARNING] THREE.THREE.Clock: This module has been deprecated. Please use THREE.Timer instead. @ http://localhost:3001/_next/static/chunks/1qmq_next_dist_1-_2z8y._.js:2489
[  155566ms] [WARNING] THREE.THREE.Clock: This module has been deprecated. Please use THREE.Timer instead. @ http://localhost:3001/_next/static/chunks/1qmq_next_dist_1-_2z8y._.js:2489
[  156220ms] [LOG] [Fast Refresh] rebuilding @ http://localhost:3001/_next/static/chunks/1qmq_next_dist_1-_2z8y._.js:2489
[  156224ms] [LOG] [Fast Refresh] done in 840ms @ http://localhost:3001/_next/static/chunks/1qmq_next_dist_1-_2z8y._.js:2489
[  156430ms] [WARNING] Lit is in dev mode. Not recommended for production! See https://lit.dev/msg/dev-mode for more information. @ http://localhost:3001/_next/static/chunks/1qmq_next_dist_1-_2z8y._.js:2489
[  156881ms] [LOG] [Fast Refresh] rebuilding @ http://localhost:3001/_next/static/chunks/1qmq_next_dist_1-_2z8y._.js:2489
[  160181ms] [LOG] [Fast Refresh] done in 3575ms @ http://localhost:3001/_next/static/chunks/1qmq_next_dist_1-_2z8y._.js:2489
[  198228ms] [LOG] [Fast Refresh] rebuilding @ http://localhost:3001/_next/static/chunks/1qmq_next_dist_1-_2z8y._.js:2489
[  198448ms] [LOG] [Fast Refresh] done in 339ms @ http://localhost:3001/_next/static/chunks/1qmq_next_dist_1-_2z8y._.js:2489
[  245559ms] [LOG] [Fast Refresh] rebuilding @ http://localhost:3001/_next/static/chunks/1qmq_next_dist_1-_2z8y._.js:2489
[  245909ms] [LOG] [Fast Refresh] done in 457ms @ http://localhost:3001/_next/static/chunks/1qmq_next_dist_1-_2z8y._.js:2489
[  258092ms] [LOG] [Fast Refresh] rebuilding @ http://localhost:3001/_next/static/chunks/1qmq_next_dist_1-_2z8y._.js:2489
[  258788ms] [LOG] [Fast Refresh] done in 805ms @ http://localhost:3001/_next/static/chunks/1qmq_next_dist_1-_2z8y._.js:2489
[  782511ms] [LOG] [Fast Refresh] rebuilding @ http://localhost:3001/_next/static/chunks/1qmq_next_dist_1-_2z8y._.js:2489
[  783263ms] [LOG] [Fast Refresh] done in 889ms @ http://localhost:3001/_next/static/chunks/1qmq_next_dist_1-_2z8y._.js:2489
[  814120ms] [LOG] [Fast Refresh] rebuilding @ http://localhost:3001/_next/static/chunks/1qmq_next_dist_1-_2z8y._.js:2489
[  814238ms] [LOG] [Fast Refresh] done in 347ms @ http://localhost:3001/_next/static/chunks/1qmq_next_dist_1-_2z8y._.js:2489
[  821581ms] [LOG] [Fast Refresh] rebuilding @ http://localhost:3001/_next/static/chunks/1qmq_next_dist_1-_2z8y._.js:2489
[  821823ms] [LOG] [Fast Refresh] done in 467ms @ http://localhost:3001/_next/static/chunks/1qmq_next_dist_1-_2z8y._.js:2489
[  873630ms] [LOG] [Fast Refresh] rebuilding @ http://localhost:3001/_next/static/chunks/1qmq_next_dist_1-_2z8y._.js:2489
[  873861ms] [LOG] [Fast Refresh] done in 347ms @ http://localhost:3001/_next/static/chunks/1qmq_next_dist_1-_2z8y._.js:2489
[ 1102817ms] [LOG] [Fast Refresh] rebuilding @ http://localhost:3001/_next/static/chunks/1qmq_next_dist_1-_2z8y._.js:2489
[ 1102932ms] [LOG] [Fast Refresh] done in 353ms @ http://localhost:3001/_next/static/chunks/1qmq_next_dist_1-_2z8y._.js:2489
[ 1297013ms] [LOG] [Fast Refresh] rebuilding @ http://localhost:3001/_next/static/chunks/1qmq_next_dist_1-_2z8y._.js:2489
[ 1297020ms] [LOG] [Fast Refresh] done in 227ms @ http://localhost:3001/_next/static/chunks/1qmq_next_dist_1-_2z8y._.js:2489
[ 1297488ms] [LOG] [Fast Refresh] rebuilding @ http://localhost:3001/_next/static/chunks/1qmq_next_dist_1-_2z8y._.js:2489
[ 1297604ms] [LOG] [Fast Refresh] done in 352ms @ http://localhost:3001/_next/static/chunks/1qmq_next_dist_1-_2z8y._.js:2489
[ 1320901ms] [LOG] [Fast Refresh] rebuilding @ http://localhost:3001/_next/static/chunks/1qmq_next_dist_1-_2z8y._.js:2489
[ 1322382ms] [LOG] [Fast Refresh] done in 1726ms @ http://localhost:3001/_next/static/chunks/1qmq_next_dist_1-_2z8y._.js:2489
[ 1322739ms] [LOG] [Fast Refresh] rebuilding @ http://localhost:3001/_next/static/chunks/1qmq_next_dist_1-_2z8y._.js:2489
[ 1322969ms] [LOG] [Fast Refresh] done in 466ms @ http://localhost:3001/_next/static/chunks/1qmq_next_dist_1-_2z8y._.js:2489
[ 1339364ms] [LOG] [Fast Refresh] rebuilding @ http://localhost:3001/_next/static/chunks/1qmq_next_dist_1-_2z8y._.js:2489
[ 1339608ms] [LOG] [Fast Refresh] done in 484ms @ http://localhost:3001/_next/static/chunks/1qmq_next_dist_1-_2z8y._.js:2489
[ 1982905ms] [LOG] [Fast Refresh] rebuilding @ http://localhost:3001/_next/static/chunks/1qmq_next_dist_1-_2z8y._.js:2489
[ 1982906ms] [LOG] [Fast Refresh] done in 226ms @ http://localhost:3001/_next/static/chunks/1qmq_next_dist_1-_2z8y._.js:2489
